========================================
HYBRID BLOCKCHAIN SYSTEM TEST RUN
========================================

[1] Testing Blockchain Connection...
[SUCCESS] Web3 Connected successfully to Local Hardhat Node.

[2] Initializing AI Agents (Connecting to Gemini)...
[SUCCESS] AI Agents Initialized.

[3] Testing Security Agent...
[Security Agent] Analyzing alert: Detected lateral movement via WMI from HR desktop to Domain Controller.
python.exe : Traceback (most recent call last):
At line:1 char:1
+ & ".\.venv\Scripts\python.exe" -u "backend\test_all.py" > test_output ...
+ ~~~~~~~~~~~~~~~~~~~~~~~~~~~~~~~~~~~~~~~~~~~~~~~~~~~~~~~~~~~~~~~~~~~~~
    + CategoryInfo          : NotSpecified: (Traceback (most recent call last)::String) [], RemoteException
    + FullyQualifiedErrorId : NativeCommandError
 
  File "D:\college\3rd year\2ndSemster\Blockchain\project\Hybrid_Blockchain_Project\.venv\Lib\site-packages\langchain_g
oogle_genai\chat_models.py", line 3071, in _generate
    response: GenerateContentResponse = self.client.models.generate_content(
                                        ^^^^^^^^^^^^^^^^^^^^^^^^^^^^^^^^^^^^
  File "D:\college\3rd 
year\2ndSemster\Blockchain\project\Hybrid_Blockchain_Project\.venv\Lib\site-packages\google\genai\models.py", line 
6329, in generate_content
    response = self._generate_content(
               ^^^^^^^^^^^^^^^^^^^^^^^
  File "D:\college\3rd 
year\2ndSemster\Blockchain\project\Hybrid_Blockchain_Project\.venv\Lib\site-packages\google\genai\models.py", line 
4767, in _generate_content
    response = self._api_client.request(
               ^^^^^^^^^^^^^^^^^^^^^^^^^
  File "D:\college\3rd 
year\2ndSemster\Blockchain\project\Hybrid_Blockchain_Project\.venv\Lib\site-packages\google\genai\_api_client.py", 
line 1579, in request
    response = self._request(http_request, http_options, stream=False)
               ^^^^^^^^^^^^^^^^^^^^^^^^^^^^^^^^^^^^^^^^^^^^^^^^^^^^^^^
  File "D:\college\3rd 
year\2ndSemster\Blockchain\project\Hybrid_Blockchain_Project\.venv\Lib\site-packages\google\genai\_api_client.py", 
line 1370, in _request
    return retry(self._request_once, http_request, stream)  # type: ignore[no-any-return]
           ^^^^^^^^^^^^^^^^^^^^^^^^^^^^^^^^^^^^^^^^^^^^^^^
  File "D:\college\3rd 
year\2ndSemster\Blockchain\project\Hybrid_Blockchain_Project\.venv\Lib\site-packages\tenacity\__init__.py", line 470, 
in __call__
    do = self.iter(retry_state=retry_state)
         ^^^^^^^^^^^^^^^^^^^^^^^^^^^^^^^^^^
  File "D:\college\3rd 
year\2ndSemster\Blockchain\project\Hybrid_Blockchain_Project\.venv\Lib\site-packages\tenacity\__init__.py", line 371, 
in iter
    result = action(retry_state)
             ^^^^^^^^^^^^^^^^^^^
  File "D:\college\3rd 
year\2ndSemster\Blockchain\project\Hybrid_Blockchain_Project\.venv\Lib\site-packages\tenacity\__init__.py", line 413, 
in exc_check
    raise retry_exc.reraise()
          ^^^^^^^^^^^^^^^^^^^
  File "D:\college\3rd 
year\2ndSemster\Blockchain\project\Hybrid_Blockchain_Project\.venv\Lib\site-packages\tenacity\__init__.py", line 184, 
in reraise
    raise self.last_attempt.result()
          ^^^^^^^^^^^^^^^^^^^^^^^^^^
  File "C:\Users\Lenovo\AppData\Local\Programs\Python\Python312\Lib\concurrent\futures\_base.py", line 449, in result
    return self.__get_result()
           ^^^^^^^^^^^^^^^^^^^
  File "C:\Users\Lenovo\AppData\Local\Programs\Python\Python312\Lib\concurrent\futures\_base.py", line 401, in 
__get_result
    raise self._exception
  File "D:\college\3rd 
year\2ndSemster\Blockchain\project\Hybrid_Blockchain_Project\.venv\Lib\site-packages\tenacity\__init__.py", line 473, 
in __call__
    result = fn(*args, **kwargs)
             ^^^^^^^^^^^^^^^^^^^
  File "D:\college\3rd 
year\2ndSemster\Blockchain\project\Hybrid_Blockchain_Project\.venv\Lib\site-packages\google\genai\_api_client.py", 
line 1349, in _request_once
    errors.APIError.raise_for_response(response)
  File "D:\college\3rd 
year\2ndSemster\Blockchain\project\Hybrid_Blockchain_Project\.venv\Lib\site-packages\google\genai\errors.py", line 
155, in raise_for_response
    cls.raise_error(response.status_code, response_json, response)
  File "D:\college\3rd 
year\2ndSemster\Blockchain\project\Hybrid_Blockchain_Project\.venv\Lib\site-packages\google\genai\errors.py", line 
184, in raise_error
    raise ClientError(status_code, response_json, response)
google.genai.errors.ClientError: 429 RESOURCE_EXHAUSTED. {'error': {'code': 429, 'message': 'You exceeded your current 
quota, please check your plan and billing details. For more information on this error, head to: 
https://ai.google.dev/gemini-api/docs/rate-limits. To monitor your current usage, head to: https://ai.dev/rate-limit. 
\n* Quota exceeded for metric: generativelanguage.googleapis.com/generate_content_free_tier_requests, limit: 0, model: 
gemini-2.0-flash\n* Quota exceeded for metric: generativelanguage.googleapis.com/generate_content_free_tier_requests, 
limit: 0, model: gemini-2.0-flash\n* Quota exceeded for metric: 
generativelanguage.googleapis.com/generate_content_free_tier_input_token_count, limit: 0, model: 
gemini-2.0-flash\nPlease retry in 42.368930995s.', 'status': 'RESOURCE_EXHAUSTED', 'details': [{'@type': 
'type.googleapis.com/google.rpc.Help', 'links': [{'description': 'Learn more about Gemini API quotas', 'url': 
'https://ai.google.dev/gemini-api/docs/rate-limits'}]}, {'@type': 'type.googleapis.com/google.rpc.QuotaFailure', 
'violations': [{'quotaMetric': 'generativelanguage.googleapis.com/generate_content_free_tier_requests', 'quotaId': 
'GenerateRequestsPerDayPerProjectPerModel-FreeTier', 'quotaDimensions': {'location': 'global', 'model': 
'gemini-2.0-flash'}}, {'quotaMetric': 'generativelanguage.googleapis.com/generate_content_free_tier_requests', 
'quotaId': 'GenerateRequestsPerMinutePerProjectPerModel-FreeTier', 'quotaDimensions': {'location': 'global', 'model': 
'gemini-2.0-flash'}}, {'quotaMetric': 
'generativelanguage.googleapis.com/generate_content_free_tier_input_token_count', 'quotaId': 
'GenerateContentInputTokensPerModelPerMinute-FreeTier', 'quotaDimensions': {'location': 'global', 'model': 
'gemini-2.0-flash'}}]}, {'@type': 'type.googleapis.com/google.rpc.RetryInfo', 'retryDelay': '42s'}]}}

The above exception was the direct cause of the following exception:

Traceback (most recent call last):
  File "D:\college\3rd year\2ndSemster\Blockchain\project\Hybrid_Blockchain_Project\backend\test_all.py", line 76, in 
<module>
    run_all_tests()
  File "D:\college\3rd year\2ndSemster\Blockchain\project\Hybrid_Blockchain_Project\backend\test_all.py", line 36, in 
run_all_tests
    sec_result = sec_agent.handle_alert(alert, context)
                 ^^^^^^^^^^^^^^^^^^^^^^^^^^^^^^^^^^^^^^
  File "D:\college\3rd year\2ndSemster\Blockchain\project\Hybrid_Blockchain_Project\backend\agents\security_agent.py", 
line 41, in handle_alert
    response = self.chain.invoke({"alert": alert_text, "context": system_context})
               ^^^^^^^^^^^^^^^^^^^^^^^^^^^^^^^^^^^^^^^^^^^^^^^^^^^^^^^^^^^^^^^^^^^
  File "D:\college\3rd year\2ndSemster\Blockchain\project\Hybrid_Blockchain_Project\.venv\Lib\site-packages\langchain_c
ore\runnables\base.py", line 3201, in invoke
    input_ = context.run(step.invoke, input_, config)
             ^^^^^^^^^^^^^^^^^^^^^^^^^^^^^^^^^^^^^^^^
  File "D:\college\3rd year\2ndSemster\Blockchain\project\Hybrid_Blockchain_Project\.venv\Lib\site-packages\langchain_g
oogle_genai\chat_models.py", line 2559, in invoke
    return super().invoke(input, config, stop=stop, **kwargs)
           ^^^^^^^^^^^^^^^^^^^^^^^^^^^^^^^^^^^^^^^^^^^^^^^^^^
  File "D:\college\3rd year\2ndSemster\Blockchain\project\Hybrid_Blockchain_Project\.venv\Lib\site-packages\langchain_c
ore\language_models\chat_models.py", line 471, in invoke
    self.generate_prompt(
  File "D:\college\3rd year\2ndSemster\Blockchain\project\Hybrid_Blockchain_Project\.venv\Lib\site-packages\langchain_c
ore\language_models\chat_models.py", line 1749, in generate_prompt
    return self.generate(prompt_messages, stop=stop, callbacks=callbacks, **kwargs)
           ^^^^^^^^^^^^^^^^^^^^^^^^^^^^^^^^^^^^^^^^^^^^^^^^^^^^^^^^^^^^^^^^^^^^^^^^
  File "D:\college\3rd year\2ndSemster\Blockchain\project\Hybrid_Blockchain_Project\.venv\Lib\site-packages\langchain_c
ore\language_models\chat_models.py", line 1556, in generate
    self._generate_with_cache(
  File "D:\college\3rd year\2ndSemster\Blockchain\project\Hybrid_Blockchain_Project\.venv\Lib\site-packages\langchain_c
ore\language_models\chat_models.py", line 1896, in _generate_with_cache
    result = self._generate(
             ^^^^^^^^^^^^^^^
  File "D:\college\3rd year\2ndSemster\Blockchain\project\Hybrid_Blockchain_Project\.venv\Lib\site-packages\langchain_g
oogle_genai\chat_models.py", line 3075, in _generate
    _handle_client_error(e, request)
  File "D:\college\3rd year\2ndSemster\Blockchain\project\Hybrid_Blockchain_Project\.venv\Lib\site-packages\langchain_g
oogle_genai\chat_models.py", line 166, in _handle_client_error
    raise ChatGoogleGenerativeAIError(msg) from e
langchain_google_genai.chat_models.ChatGoogleGenerativeAIError: Error calling model 'gemini-2.0-flash' 
(RESOURCE_EXHAUSTED): 429 RESOURCE_EXHAUSTED. {'error': {'code': 429, 'message': 'You exceeded your current quota, 
please check your plan and billing details. For more information on this error, head to: 
https://ai.google.dev/gemini-api/docs/rate-limits. To monitor your current usage, head to: https://ai.dev/rate-limit. 
\n* Quota exceeded for metric: generativelanguage.googleapis.com/generate_content_free_tier_requests, limit: 0, model: 
gemini-2.0-flash\n* Quota exceeded for metric: generativelanguage.googleapis.com/generate_content_free_tier_requests, 
limit: 0, model: gemini-2.0-flash\n* Quota exceeded for metric: 
generativelanguage.googleapis.com/generate_content_free_tier_input_token_count, limit: 0, model: 
gemini-2.0-flash\nPlease retry in 42.368930995s.', 'status': 'RESOURCE_EXHAUSTED', 'details': [{'@type': 
'type.googleapis.com/google.rpc.Help', 'links': [{'description': 'Learn more about Gemini API quotas', 'url': 
'https://ai.google.dev/gemini-api/docs/rate-limits'}]}, {'@type': 'type.googleapis.com/google.rpc.QuotaFailure', 
'violations': [{'quotaMetric': 'generativelanguage.googleapis.com/generate_content_free_tier_requests', 'quotaId': 
'GenerateRequestsPerDayPerProjectPerModel-FreeTier', 'quotaDimensions': {'location': 'global', 'model': 
'gemini-2.0-flash'}}, {'quotaMetric': 'generativelanguage.googleapis.com/generate_content_free_tier_requests', 
'quotaId': 'GenerateRequestsPerMinutePerProjectPerModel-FreeTier', 'quotaDimensions': {'location': 'global', 'model': 
'gemini-2.0-flash'}}, {'quotaMetric': 
'generativelanguage.googleapis.com/generate_content_free_tier_input_token_count', 'quotaId': 
'GenerateContentInputTokensPerModelPerMinute-FreeTier', 'quotaDimensions': {'location': 'global', 'model': 
'gemini-2.0-flash'}}]}, {'@type': 'type.googleapis.com/google.rpc.RetryInfo', 'retryDelay': '42s'}]}}
